<?xml version="1.0" encoding="UTF-8"?>
<testsuites name="jest tests" tests="38" failures="0" errors="0" time="9.024">
  <testsuite name="RecurrencePattern tests" errors="0" failures="0" skipped="0" timestamp="2026-05-14T14:49:44" time="3.126" tests="2">
    <testcase classname="RecurrencePattern tests should have a Calendar folder" name="RecurrencePattern tests should have a Calendar folder" time="0.011">
    </testcase>
    <testcase classname="RecurrencePattern tests should have repeating events" name="RecurrencePattern tests should have repeating events" time="0.087">
    </testcase>
  </testsuite>
  <testsuite name="PSTContact tests" errors="0" failures="0" skipped="0" timestamp="2026-05-14T14:49:44" time="3.295" tests="2">
    <testcase classname="PSTContact tests should have a Contact folder" name="PSTContact tests should have a Contact folder" time="0.03">
    </testcase>
    <testcase classname="PSTContact tests should have a contact with several fields" name="PSTContact tests should have a contact with several fields" time="0.134">
    </testcase>
  </testsuite>
  <testsuite name="PSTTask tests" errors="0" failures="0" skipped="0" timestamp="2026-05-14T14:49:44" time="3.355" tests="2">
    <testcase classname="PSTTask tests should have a Tasks folder" name="PSTTask tests should have a Tasks folder" time="0.014">
    </testcase>
    <testcase classname="PSTTask tests should have two tasks" name="PSTTask tests should have two tasks" time="0.042">
    </testcase>
  </testsuite>
  <testsuite name="pst catalog helpers" errors="0" failures="0" skipped="0" timestamp="2026-05-14T14:49:44" time="4.036" tests="3">
    <testcase classname="pst catalog helpers lists only PST and OST files from a mailbox folder" name="pst catalog helpers lists only PST and OST files from a mailbox folder" time="0.15">
    </testcase>
    <testcase classname="pst catalog helpers reports an empty or missing PST folder without throwing" name="pst catalog helpers reports an empty or missing PST folder without throwing" time="0.009">
    </testcase>
    <testcase classname="pst catalog helpers rejects traversal attempts and opens mailbox files within the folder" name="pst catalog helpers rejects traversal attempts and opens mailbox files within the folder" time="1.332">
    </testcase>
  </testsuite>
  <testsuite name="PSTActivity tests" errors="0" failures="0" skipped="0" timestamp="2026-05-14T14:49:47" time="1.121" tests="2">
    <testcase classname="PSTActivity tests should have a Journal folder" name="PSTActivity tests should have a Journal folder" time="0.003">
    </testcase>
    <testcase classname="PSTActivity tests root folder should have a journal entry" name="PSTActivity tests root folder should have a journal entry" time="0.029">
    </testcase>
  </testsuite>
  <testsuite name="PSTMessage tests" errors="0" failures="0" skipped="0" timestamp="2026-05-14T14:49:48" time="0.771" tests="2">
    <testcase classname="PSTMessage tests should have email messages" name="PSTMessage tests should have email messages" time="0.084">
    </testcase>
    <testcase classname="PSTMessage tests should have email message which uses block skip points" name="PSTMessage tests should have email message which uses block skip points" time="0.038">
    </testcase>
  </testsuite>
  <testsuite name="PSTAppointment tests" errors="0" failures="0" skipped="0" timestamp="2026-05-14T14:49:48" time="1.093" tests="2">
    <testcase classname="PSTAppointment tests should have a Calendar folder" name="PSTAppointment tests should have a Calendar folder" time="0.002">
    </testcase>
    <testcase classname="PSTAppointment tests should have two calendar items" name="PSTAppointment tests should have two calendar items" time="0.064">
    </testcase>
  </testsuite>
  <testsuite name="PSTAttachment tests" errors="0" failures="0" skipped="0" timestamp="2026-05-14T14:49:44" time="4.779" tests="5">
    <testcase classname="PSTAttachment tests should have a contact with an attachment" name="PSTAttachment tests should have a contact with an attachment" time="0.453">
    </testcase>
    <testcase classname="PSTAttachment tests should have a task with an attachment" name="PSTAttachment tests should have a task with an attachment" time="0.34">
    </testcase>
    <testcase classname="PSTAttachment tests should have email with word attachment" name="PSTAttachment tests should have email with word attachment" time="0.351">
    </testcase>
    <testcase classname="PSTAttachment tests should have email with excel attachment" name="PSTAttachment tests should have email with excel attachment" time="0.417">
    </testcase>
    <testcase classname="PSTAttachment tests should have email with jpg attachment" name="PSTAttachment tests should have email with jpg attachment" time="0.415">
    </testcase>
  </testsuite>
  <testsuite name="PSTfile tests" errors="0" failures="0" skipped="0" timestamp="2026-05-14T14:49:49" time="0.374" tests="1">
    <testcase classname="PSTfile tests should open the file" name="PSTfile tests should open the file" time="0.008">
    </testcase>
  </testsuite>
  <testsuite name="PSTObject tests" errors="0" failures="0" skipped="0" timestamp="2026-05-14T14:49:49" time="0.587" tests="1">
    <testcase classname="PSTObject tests should have basic attributes" name="PSTObject tests should have basic attributes" time="0.106">
    </testcase>
  </testsuite>
  <testsuite name="viewer UI shell" errors="0" failures="0" skipped="0" timestamp="2026-05-14T14:49:49" time="0.176" tests="1">
    <testcase classname="viewer UI shell shows a PST list and no upload controls" name="viewer UI shell shows a PST list and no upload controls" time="0.006">
    </testcase>
  </testsuite>
  <testsuite name="PSTFolder tests" errors="0" failures="0" skipped="0" timestamp="2026-05-14T14:49:49" time="0.455" tests="2">
    <testcase classname="PSTFolder tests should have a root folder" name="PSTFolder tests should have a root folder" time="0.016">
    </testcase>
    <testcase classname="PSTFolder tests root folder should have sub folders" name="PSTFolder tests root folder should have sub folders" time="0.074">
    </testcase>
  </testsuite>
  <testsuite name="PSTRecipient tests" errors="0" failures="0" skipped="0" timestamp="2026-05-14T14:49:49" time="0.545" tests="1">
    <testcase classname="PSTRecipient tests should have email messages" name="PSTRecipient tests should have email messages" time="0.114">
    </testcase>
  </testsuite>
  <testsuite name="review store helpers" errors="0" failures="0" skipped="0" timestamp="2026-05-14T14:49:49" time="1.274" tests="3">
    <testcase classname="review store helpers normalizes review tags and builds search filters" name="review store helpers normalizes review tags and builds search filters" time="0.005">
    </testcase>
    <testcase classname="review store helpers upserts, clears, and queries reviews with the mongo-backed store API" name="review store helpers upserts, clears, and queries reviews with the mongo-backed store API" time="0.022">
    </testcase>
    <testcase classname="review store helpers upserts reviews without conflicting mongo update operators" name="review store helpers upserts reviews without conflicting mongo update operators" time="0.002">
    </testcase>
  </testsuite>
  <testsuite name="viewer integration" errors="0" failures="0" skipped="0" timestamp="2026-05-14T14:49:44" time="6.257" tests="8">
    <testcase classname="viewer integration indexes the bundled PST and keeps malformed folders as warnings" name="viewer integration indexes the bundled PST and keeps malformed folders as warnings" time="0.049">
    </testcase>
    <testcase classname="viewer integration filters and pages folder messages by metadata" name="viewer integration filters and pages folder messages by metadata" time="0.003">
    </testcase>
    <testcase classname="viewer integration builds attachment download URLs and JSON exports" name="viewer integration builds attachment download URLs and JSON exports" time="0.097">
    </testcase>
    <testcase classname="viewer integration exports raw attachment bytes and EML for real messages" name="viewer integration exports raw attachment bytes and EML for real messages" time="0.115">
    </testcase>
    <testcase classname="viewer integration renders nested embedded messages in best-effort EML output" name="viewer integration renders nested embedded messages in best-effort EML output" time="0.003">
    </testcase>
    <testcase classname="viewer integration sanitizes file names for browser downloads" name="viewer integration sanitizes file names for browser downloads" time="0.001">
    </testcase>
    <testcase classname="viewer integration handles invalid headers and encrypted PST files" name="viewer integration handles invalid headers and encrypted PST files" time="0.205">
    </testcase>
    <testcase classname="viewer integration survives per-message and per-attachment failures without killing the session" name="viewer integration survives per-message and per-attachment failures without killing the session" time="0.069">
    </testcase>
  </testsuite>
  <testsuite name="pst review api" errors="0" failures="0" skipped="0" timestamp="2026-05-14T14:49:44" time="7.239" tests="1">
    <testcase classname="pst review api serves mailbox catalog, extraction, review endpoints, and swagger docs" name="pst review api serves mailbox catalog, extraction, review endpoints, and swagger docs" time="1.106">
    </testcase>
  </testsuite>
</testsuites>